error: expected an expression as matcher

         = help: example syntax: `#[matcher(row[0..2] == "00")]`

 --> tests/ui/enums-with-wrong-matcher.rs:5:15
  |
5 |     #[matcher(struct)]
  |               ^^^^^^
